// Jest Snapshot v1, https://goo.gl/fbAQLP

exports[`Home Home matched snapshot 1`] = `
<div
  className="px-16 pt-6 pb-16"
>
  <div
    className="container text-center px-16 m-2"
  >
    <h3
      className="text-2xl p-2"
    >
      Fun facts about Psychopaths
    </h3>
    <div
      className="text-center w-2/5 p-8 mx-auto"
    >
      <ul
        className="text-left pb-12 text-lg m-auto place-content-center list-disc leading-7 px-6"
      >
        <li>
          Roughly one in every 200 of us is a psychopath.
        </li>
        <li>
          Psychopaths are people who do not recognize fear.
        </li>
        <li>
          People with psychopathy don't learn from their mistakes.
        </li>
        <li>
          Psychopaths don't respond to yawns well.
        </li>
        <li>
          People with psychopathic tendencies post tons of selfies.
        </li>
        <li>
          One of the classic traits of a psychopath is emotional poverty.
        </li>
        <li>
          Psychopaths are more likely to be night owls.
        </li>
      </ul>
    </div>
  </div>
  <h2
    className="text-3xl p-4"
  >
    Few of world's best known psychopaths
  </h2>
  <p
    className="text-slate-400 p-2"
  >
    Click on the marker to know more about each of them
  </p>
  <div
    className="border-2 mt-8 x-0 place-content-center"
    id="map"
    style={
      Object {
        "height": "650px",
        "margin": "auto",
        "width": "950px",
      }
    }
  >
    <p
      className="flex justify-center items-center m-auto mt-36"
    >
      <span
        style={
          Object {
            "display": "inherit",
            "height": "250px",
            "position": "relative",
            "width": "250px",
          }
        }
      >
        <span
          style={
            Object {
              "animation": "react-spinners-RingLoader-right 2s 0s infinite linear",
              "animationFillMode": "forwards",
              "border": "25px solid white",
              "borderRadius": "100%",
              "height": "250px",
              "left": "0",
              "opacity": "0.4",
              "perspective": "800px",
              "position": "absolute",
              "top": "0",
              "width": "250px",
            }
          }
        />
        <span
          style={
            Object {
              "animation": "react-spinners-RingLoader-left 2s 0s infinite linear",
              "animationFillMode": "forwards",
              "border": "25px solid white",
              "borderRadius": "100%",
              "height": "250px",
              "left": "0",
              "opacity": "0.4",
              "perspective": "800px",
              "position": "absolute",
              "top": "0",
              "width": "250px",
            }
          }
        />
      </span>
    </p>
  </div>
</div>
`;
