// Jest Snapshot v1, https://goo.gl/fbAQLP

exports[`Home Home matched snapshot 1`] = `
<div
  className="px-16 pt-6 pb-16"
>
  <div
    className=""
  >
    <svg
      className="mx-auto w-80 h-80"
    >
      home.svg
    </svg>
    <div
      className="w-1/2 mx-auto py-8"
    >
      <p
        className="text-2xl"
      >
        PsychoSearch is an online encyclopedia that aims to demystify psychopaths and their behavior by providing information about their motivations and intensions. They will also give you access to a large database of psychopaths for you to browse through.
      </p>
    </div>
  </div>
  <div
    className="text-red-500 border border-red-200 text-1xl p-8 text-left my-20"
  >
    <h2
      className="text-2xl"
    >
      Warning
    </h2>
    <br />
    <p>
      This app contains violent disturbing content. We're not going to ask you to change anything about your browsing habits or the way you use these products, but we want you to know that these products are intended for responsible adult audiences only, and they should never be used by children or young adults under the age of 18. If your child is old enough to read this message, please let them know that if they use these products, it is at their own risk and responsibility. If they get in trouble with their parents for using them, it's not our responsibility. We appreciate your understanding and cooperation!
    </p>
  </div>
  <h2
    className="text-3xl p-4"
  >
    Few of world's best known psychopaths
  </h2>
  <p
    className="text-slate-400 p-2"
  >
    Click on the marker to know more about each of them
  </p>
  <div
    className="border-2 mt-8 x-0 place-content-center"
    id="map"
    style={
      Object {
        "height": "650px",
        "margin": "auto",
        "width": "950px",
      }
    }
  >
    <p
      className="flex justify-center items-center m-auto mt-36"
    >
      <span
        style={
          Object {
            "display": "inherit",
            "height": "250px",
            "position": "relative",
            "width": "250px",
          }
        }
      >
        <span
          style={
            Object {
              "animation": "react-spinners-RingLoader-right 2s 0s infinite linear",
              "animationFillMode": "forwards",
              "border": "25px solid white",
              "borderRadius": "100%",
              "height": "250px",
              "left": "0",
              "opacity": "0.4",
              "perspective": "800px",
              "position": "absolute",
              "top": "0",
              "width": "250px",
            }
          }
        />
        <span
          style={
            Object {
              "animation": "react-spinners-RingLoader-left 2s 0s infinite linear",
              "animationFillMode": "forwards",
              "border": "25px solid white",
              "borderRadius": "100%",
              "height": "250px",
              "left": "0",
              "opacity": "0.4",
              "perspective": "800px",
              "position": "absolute",
              "top": "0",
              "width": "250px",
            }
          }
        />
      </span>
    </p>
  </div>
</div>
`;
